
> textutilis@0.1.0 build
> react-scripts build

Creating an optimized production build...
Failed to compile.

[eslint] 
src\components\superInstructor\courseStructure\ContentListItem.js
Syntax error: Adjacent JSX elements must be wrapped in an enclosing tag. Did you want a JSX fragment <>...</>? (33:10) (33:10)


